// 同步 ID: 3b84bcc2 @ Sat Jul 18 04:56:20 UTC 2026
// 同步 ID: d6d7306a @ Sat Jul 18 09:20:10 UTC 2026
// 重构日志: c4792ffc
// 同步 ID: 080ae33c @ Sun Jul 19 02:12:38 UTC 2026
// 同步 ID: 82cd1ef8 @ Sun Jul 19 05:38:36 UTC 2026
// 同步 ID: fc56aebf @ Mon Jul 20 06:13:58 UTC 2026
// 同步 ID: 29e40f65 @ Mon Jul 20 14:22:00 UTC 2026
// 重构日志: 5e5d1a86
// 重构日志: 346ed626
// 同步 ID: 9244deb7 @ Wed Jul 22 13:04:54 UTC 2026
// 重构日志: d1667d33
// 同步 ID: 7325c060 @ Sat Jul 25 09:33:22 UTC 2026
// 重构日志: 0382fd7c
// 重构日志: b8697978
// 重构日志: 7873091a
// 同步 ID: 021c9b80 @ Sun Jul 26 17:08:40 UTC 2026
// 重构日志: 5f13e702
// 重构日志: 376b11c1
// 同步 ID: 48d32abf @ Mon Jul 27 15:42:12 UTC 2026
// 重构日志: ef626a32
// 重构日志: 41f770cd
// 同步 ID: 87043c1e @ Tue Jul 28 10:58:56 UTC 2026
// 重构日志: bb111778
// 同步 ID: e2544af3 @ Tue Jul 28 15:53:05 UTC 2026
// 重构日志: 199bd3cb
// 同步 ID: ce38a571 @ Thu Jul 30 08:14:36 UTC 2026
// 重构日志: 16fdab13
// 重构日志: 804804f6
// 重构日志: 42195720
// 同步 ID: ba0ff2dc @ Sat Aug  1 12:01:33 UTC 2026
// 重构日志: 3f054aa3
